
                         Lattice Mapping Report File

Design:  lab1_ei
Family:  iCE40UP
Device:  iCE40UP5K
Package: SG48
Performance Grade:  High-Performance_1.2V

Mapper:    version Radiant Software (64-bit) 2026.1.0.37.0
Mapped on: Sun Sep  6 02:28:36 2026

Design Information
------------------

Command line:   map -i lab1_ei_impl_1_syn.udb -o lab1_ei_impl_1_map.udb -mp
     lab1_ei_impl_1.mrp -hierrpt -gui -msgset
     C:/Users/eing/Documents/GitHub/e155-lab1/fpga/lab1_ei/promote.xml

Design Summary
--------------

   Number of slice registers:  26 out of  5280 (<1%)
   Number of I/O registers:      0 out of   117 (0%)
   Number of LUT4s:            36 out of  5280 (1%)
      Number of logic LUT4s:              10
      Number of ripple logic:             13 (26 LUT4s)
   Number of IO sites used:   7 out of 39 (18%)
      Number of IO sites used for general PIO: 7
      Number of IO sites used for I3C: 0 out of 2 (0%)
      (note: If I3C is not used, its site can be used as general PIO)
      Number of IO sites used for PIO+I3C: 7 out of 36 (19%)
      Number of IO sites used for OD+RGB IO buffers: 0 out of 3 (0%)
      (note: If RGB LED drivers are not used, sites can be used as OD outputs,
       see TN1288 iCE40 LED Driver Usage Guide)
      Number of IO sites used for PIO+I3C+OD+RGB: 7 out of 39 (18%)
   Number of DSPs:             0 out of 8 (0%)
   Number of I2Cs:             0 out of 2 (0%)
   Number of High Speed OSCs:  1 out of 1 (100%)
   Number of Low Speed OSCs:   0 out of 1 (0%)
   Number of RGB PWM:          0 out of 1 (0%)
   Number of RGB Drivers:      0 out of 1 (0%)
   Number of SCL FILTERs:      0 out of 2 (0%)
   Number of SRAMs:            0 out of 4 (0%)
   Number of WARMBOOTs:        0 out of 1 (0%)
   Number of SPIs:             0 out of 2 (0%)
   Number of EBRs:             0 out of 30 (0%)
   Number of PLLs:             0 out of 1 (0%)
   Number of Clocks:  1
      Net lab1_counter_ei_inst.int_osc: 14 loads, 14 rising, 0 falling (Driver:
     Pin lab1_counter_ei_inst.hf_osc/CLKHF)
   Number of Clock Enables:  1
      Net led_pad[0].vcc: 1 loads, 0 SLICEs
   Number of LSRs:  1
      Net lab1_counter_ei_inst.n4_adj_22: 13 loads, 13 SLICEs
   Top 10 highest fanout non-clock nets:
      Net lab1_counter_ei_inst.n4_adj_22: 14 loads
      Net led_pad[0].vcc: 3 loads
      Net lab1_counter_ei_inst.counter[10]: 2 loads
      Net lab1_counter_ei_inst.counter[11]: 2 loads
      Net lab1_counter_ei_inst.counter[12]: 2 loads
      Net lab1_counter_ei_inst.counter[23]: 2 loads

                                    Page 1





Design Summary (cont)
---------------------
      Net lab1_counter_ei_inst.counter[6]: 2 loads
      Net lab1_counter_ei_inst.counter[7]: 2 loads
      Net lab1_counter_ei_inst.counter[8]: 2 loads
      Net lab1_counter_ei_inst.counter[9]: 2 loads





   Number of warnings:  0
   Number of criticals: 0
   Number of errors:    0

Design Errors/Criticals/Warnings
--------------------------------

   No error, critical, or warning presents.

IO (PIO) Attributes
-------------------

+---------------------+-----------+-----------+-------+-------+-----------+
| IO Name             | Direction | Levelmode |  IO   |  IO   | Special   |
|                     |           |  IO_TYPE  |  REG  |  DDR  | IO Buffer |
+---------------------+-----------+-----------+-------+-------+-----------+
| led[0]              | OUTPUT    |           |       |       |           |
+---------------------+-----------+-----------+-------+-------+-----------+
| led[1]              | OUTPUT    |           |       |       |           |
+---------------------+-----------+-----------+-------+-------+-----------+
| led[2]              | OUTPUT    |           |       |       |           |
+---------------------+-----------+-----------+-------+-------+-----------+
| s[0]                | INPUT     |           |       |       |           |
+---------------------+-----------+-----------+-------+-------+-----------+
| s[1]                | INPUT     |           |       |       |           |
+---------------------+-----------+-----------+-------+-------+-----------+
| s[2]                | INPUT     |           |       |       |           |
+---------------------+-----------+-----------+-------+-------+-----------+
| s[3]                | INPUT     |           |       |       |           |
+---------------------+-----------+-----------+-------+-------+-----------+

Removed logic
-------------

Block s_pad[0].vlo_inst was optimized away.

OSC Summary
-----------

OSC 1:                                 Pin/Node Value
  OSC Instance Name:                            lab1_counter_ei_inst/hf_osc
  Power UP:                            NODE     led_pad[0].vcc
  Enable Signal:                       NODE     led_pad[0].vcc
  OSC Output:                          NODE     lab1_counter_ei_inst.int_osc
  DIV Setting:                                  00





                                    Page 2





ASIC Components
---------------

Instance Name: lab1_counter_ei_inst/hf_osc
         Type: HFOSC

Constraint Summary
------------------

   Total number of constraints: 2
   Total number of constraints dropped: 0

Run Time and Memory Usage
-------------------------

   Total CPU Time: 0 secs
   Total REAL Time: 0 secs
   Peak Memory Usage: 64 MB
Checksum -- map: 1f3017fd63aca1b9adca10d24646203661f69c7









































                                    Page 3


Copyright (c) 1991-1994 by NeoCAD Inc. All rights reserved.
Copyright (c) 1995
     AT&T Corp.   All rights reserved.
Copyright (c) 1995-2001 Lucent
     Technologies Inc.  All rights reserved.
Copyright (c) 2001 Agere Systems
     All rights reserved.
Copyright (c) 2002-2026 Lattice Semiconductor
     Corporation,  All rights reserved.
